// Jest Snapshot v1, https://goo.gl/fbAQLP

exports[`<Star /> snapshot test 1`] = `
.c1 {
  border-collapse: collapse;
}

.c0 {
  display: inline-block;
  text-align: center;
  background: #eaebf1;
  border-radius: 8px;
  padding: 8px;
}

.c0 thead {
  border-bottom: 1px solid #242a3d;
  margin: 2px 0px;
}

.c0 th {
  padding: 2px 16px;
}

.c0 td {
  padding: 2px 16px;
}

.c0 tr {
  padding: 2px 0px;
}

<div>
  <div
    class="c0"
  >
    <table
      class="c1"
    />
  </div>
</div>
`;
