// Jest Snapshot v1, https://goo.gl/fbAQLP

exports[`<Start /> auth snapshot test 1`] = `
Array [
  <StarBackground>
    <styled.div>
      <BackLink
        backMessage="トップに戻る"
        iconColor="black"
        onClick={[MockFunction]}
      />
    </styled.div>
    <styled.div>
      <styled.div>
        <styled.div>
          <span>
            ログインして遊ぶ
          </span>
        </styled.div>
        <styled.div>
          <Styled(AlgoHead) />
          <Styled(ReactSVG)
            src="/img/balloon.svg"
          />
          <styled.div>
            ログインしてください
          </styled.div>
        </styled.div>
        <styled.button
          onClick={[Function]}
        >
          <styled.div>
            <Google
              size={24}
            />
          </styled.div>
          <styled.p>
            Googleでログイン
          </styled.p>
        </styled.button>
        <styled.button
          onClick={[Function]}
        >
          <styled.div>
            <Twitter
              size={24}
            />
          </styled.div>
          <styled.p>
            Twitterでログイン
          </styled.p>
        </styled.button>
        <styled.button
          onClick={[Function]}
        >
          <styled.div>
            <Facebook
              size={24}
            />
          </styled.div>
          <styled.p>
            Facebookでログイン
          </styled.p>
        </styled.button>
        <styled.button
          onClick={[Function]}
        >
          <styled.div>
            <Mail
              size={24}
            />
          </styled.div>
          <styled.p>
            メールアドレスでログイン
          </styled.p>
        </styled.button>
        <styled.div />
      </styled.div>
    </styled.div>
  </StarBackground>,
]
`;
