// Jest Snapshot v1, https://goo.gl/fbAQLP

exports[`<Start /> auth snapshot test 1`] = `
Array [
  <StarBackground>
    <styled.div>
      <BackLink
        backMessage="トップに戻る"
        iconColor="black"
        onClick={[MockFunction]}
      />
    </styled.div>
    <TranslucentCard
      algoMessage="ログインしてください"
      modalTitle="ログインして遊ぶ"
    >
      <styled.button
        onClick={[Function]}
      >
        <styled.div>
          <Google
            size={24}
          />
        </styled.div>
        <styled.p>
          Googleでログイン
        </styled.p>
      </styled.button>
      <styled.button
        onClick={[Function]}
      >
        <styled.div>
          <Mail
            size={24}
          />
        </styled.div>
        <styled.p>
          メールアドレスでログイン
        </styled.p>
      </styled.button>
    </TranslucentCard>
  </StarBackground>,
]
`;
