// Jest Snapshot v1, https://goo.gl/fbAQLP

exports[`<CasualBattleSearchRoom /> snapshot test 1`] = `
Array [
  <div>
    <div>
      ルームIDを入力する
    </div>
    <input
      id="roomid-textbox"
      onChange={[Function]}
      value="typed value"
    />
    <button
      disabled={false}
      id="enter-btn"
      onClick={[MockFunction]}
    >
      ルームに入る
    </button>
  </div>,
]
`;
