// Jest Snapshot v1, https://goo.gl/fbAQLP

exports[`<CodeList /> auth snapshot test 1`] = `
Array [
  <React.Fragment>
    <Header
      backButtonHandler={[Function]}
      backMessage="モード選たくにもどる"
    />
    <StarBackground>
      <styled.div>
        <styled.div>
          <styled.div>
            <SettingIcon />
            <styled.div>
              ガレージ
            </styled.div>
          </styled.div>
          <styled.div>
            ロボットは作成した順番にならんでいます
          </styled.div>
          <styled.div>
            <CreateCodeCard
              newCodeButtonHandler={[Function]}
            />
          </styled.div>
        </styled.div>
      </styled.div>
    </StarBackground>
  </React.Fragment>,
]
`;
