// Jest Snapshot v1, https://goo.gl/fbAQLP

exports[`<StartEmail /> auth snapshot test 1`] = `
Array [
  <StarBackground>
    <styled.div>
      <BackLink
        backMessage="トップに戻る"
        iconColor="black"
        onClick={[MockFunction]}
      />
    </styled.div>
    <TranslucentCard
      algoMessage="ログインしてください"
      modalTitle="ログインして遊ぶ"
    >
      <styled.input
        onChange={[MockFunction]}
        placeholder="メールアドレス"
        type="email"
      />
      <styled.input
        onChange={[MockFunction]}
        placeholder="パスワード"
        type="password"
      />
      <Button
        color="pink"
        onClick={[MockFunction]}
        size="M"
        status="default"
        value="ログイン"
      />
    </TranslucentCard>
  </StarBackground>,
]
`;
