// Jest Snapshot v1, https://goo.gl/fbAQLP

exports[`<CasualBattleWaitingRoom /> snapshot test 1`] = `
Array [
  <div>
    <div>
      ルーム待機画面
    </div>
    <button
      id="create-btn"
      onClick={[MockFunction]}
    >
      ルームを建てる
    </button>
    <button
      id="search-btn"
      onClick={[MockFunction]}
    >
      ルームを探す
    </button>
  </div>,
]
`;
