// Jest Snapshot v1, https://goo.gl/fbAQLP

exports[`<EventSelectAI /> auth snapshot test 1`] = `
Array [
  <div>
    <button
      onClick={[Function]}
    >
      <h3>
        ロボ1
      </h3>
    </button>
    <button
      onClick={[Function]}
    >
      <h3>
        ロボ2
      </h3>
    </button>
    <button
      onClick={[Function]}
    >
      <h3>
        ロボ3
      </h3>
    </button>
    <button
      onClick={[Function]}
    >
      <h3>
        ロボ4
      </h3>
    </button>
    <button
      onClick={[Function]}
    >
      戻る
    </button>
  </div>,
]
`;
