// Jest Snapshot v1, https://goo.gl/fbAQLP

exports[`<RoomMatchGameWatch /> snapshot test 1`] = `
Array [
  <div>
    <div>
      結果
    </div>
    <div>
      ステータス：
      観戦中
    </div>
    <div>
      {"id":"resultId","jsonPath":"/tmp/resultId","step":15,"codes":["codeid1","codeid2","codeid3"]}
    </div>
    <button
      id="exit-btn"
      onClick={[MockFunction]}
    >
      退出
    </button>
  </div>,
]
`;
