// Jest Snapshot v1, https://goo.gl/fbAQLP

exports[`<RoomMatchGameWatch /> snapshot test 1`] = `
Array [
  <styled.div
    state="Analyzing"
  >
    <Styled(PlanetPicture)
      color="blue"
    />
    <div
      className="gamewatch_unity"
    >
      <Styled(Unity)
        unityContext={
          UnityContext {
            "eventMap": Map {},
            "htmlCanvasElement": null,
            "unityConfig": Object {
              "codeUrl": "",
              "dataUrl": "",
              "frameworkUrl": "",
              "loaderUrl": "",
            },
            "unityInstance": null,
          }
        }
      />
      <Styled(ReactSVG)
        src="/img/watching_logo.svg"
        wrapper="svg"
      />
    </div>
    <BackLink
      backMessage="待機部屋に戻る"
      iconColor="blue"
      onClick={[MockFunction]}
    />
    <div
      className="gamewatch_message"
    >
      <Message
        color="blue"
        title="シミュレーションチュウ"
        value="しばらくお待ちください"
      />
      <AlgoHead
        color="blue"
        height="117px"
        width="142px"
      />
    </div>
  </styled.div>,
]
`;
