// Jest Snapshot v1, https://goo.gl/fbAQLP

exports[`<Head /> Head snapshot test 1`] = `
Array [
  <Helmet
    defer={true}
    encodeSpecialCharacters={true}
    prioritizeSeoTags={false}
  >
    <title>
      title
       - ALGOSMO
    </title>
    <meta
      content="http://localhost/"
      property="og:url"
    />
    <meta
      content="website"
      property="og:type"
    />
    <meta
      content="title"
      property="og:title"
    />
    <meta
      property="og:description"
    />
    <meta
      content="アルゴスモ"
      property="og:site_name"
    />
    <meta
      content="https://ogimage.tsmallfield.com/img/ogp_1200x630.png"
      property="og:image"
    />
    <meta
      content="1200"
      property="og:image:width"
    />
    <meta
      content="630"
      property="og:image:height"
    />
  </Helmet>,
]
`;
