// Jest Snapshot v1, https://goo.gl/fbAQLP

exports[`<RoomMatchInvitation /> snapshot test 1`] = `
Array [
  <div>
    <StarBackground />
    <Head
      ogDescription="hostNameからルーム対戦に招待されています！"
      ogImage="https://codeparty.netlify.app/img/modeselectcard_battle.png"
      ogImageHeight="412"
      ogImageWidth="616"
      ogType="article"
      title="ALGOSMO"
    />
    <styled.div>
      <styled.div>
        hostNameからルーム対戦に招待されています！
      </styled.div>
      <styled.div>
        RoomID:
        sampleID
      </styled.div>
      <Button
        color="blue"
        icon={null}
        onClick={[MockFunction]}
        size="L"
        status="disabled"
        value="入室する"
      />
    </styled.div>
  </div>,
]
`;
