// Jest Snapshot v1, https://goo.gl/fbAQLP

exports[`<CodeCoding /> auth snapshot test 1`] = `
Array [
  <styled.div>
    <Styled(PlanetPicture)
      color="blue"
    />
    <styled.div
      showUnity={true}
    />
    <Styled(Component)
      to="/"
    >
      <IconButton
        Icon={[Function]}
      />
      <span>
        モード選択に戻る
      </span>
    </Styled(Component)>
    <styled.div
      showLog={false}
    >
      <styled.div>
        <styled.div
          showUnity={true}
        >
          <Styled(Unity)
            unityContext={
              UnityContext {
                "eventMap": Map {},
                "htmlCanvasElement": null,
                "unityConfig": Object {
                  "codeUrl": "unity/sp/web.wasm.unityweb",
                  "dataUrl": "unity/sp/web.data.unityweb",
                  "frameworkUrl": "unity/sp/web.framework.js.unityweb",
                  "loaderUrl": "unity/sp/web.loader.js",
                },
                "unityInstance": null,
              }
            }
          />
          <Styled(ReactSVG)
            src="/img/watching_logo.svg"
            wrapper="svg"
          />
        </styled.div>
        <Styled(Message)
          color="blue"
          showInfo={false}
          title="ヨミコミチュウ！"
          value="しばらくお待ちください"
        />
        <Styled(AlgoEditor)
          close={true}
          defaultLanguage="python"
          defaultValue="print(aa);"
          height="90vh"
          onMount={[MockFunction]}
          showInfo={false}
          showUnity={true}
          width="70vw"
        />
        <Styled(Button)
          color="pink"
          onClick={[MockFunction]}
          size="M"
          value="ゲーム画面で確認"
        />
      </styled.div>
      <LogPanel
        onCloseButtonClick={[MockFunction]}
      >
        <LogItem
          log="aaa"
          turnNum={1}
        />
        <LogItem
          log="aaa"
          turnNum={2}
        />
      </LogPanel>
    </styled.div>
    <Styled(Tab)
      onClick={[MockFunction]}
      showLog={false}
      value="LOG"
    />
  </styled.div>,
]
`;
