// Jest Snapshot v1, https://goo.gl/fbAQLP

exports[`<CodeCoding /> auth snapshot test 1`] = `
Array [
  <div>
    <styled.div>
      <styled.div>
        <Description />
      </styled.div>
      <styled.div />
    </styled.div>
    <styled.div
      shown={false}
    >
      <styled.div
        onClick={[Function]}
      >
        ×
      </styled.div>
      <Unity
        style={
          Object {
            "height": "600px",
            "width": "800px",
          }
        }
        unityContext={
          UnityContext {
            "eventMap": Map {},
            "htmlCanvasElement": null,
            "unityConfig": Object {
              "codeUrl": "unity/sp/web.wasm.unityweb",
              "dataUrl": "unity/sp/web.data.unityweb",
              "frameworkUrl": "unity/sp/web.framework.js.unityweb",
              "loaderUrl": "unity/sp/web.loader.js",
            },
            "unityInstance": null,
          }
        }
      />
      <styled.div />
    </styled.div>
  </div>,
]
`;
