// Jest Snapshot v1, https://goo.gl/fbAQLP

exports[`<SetName /> auth snapshot test 1`] = `
Array [
  <React.Fragment>
    <StarBackground>
      <styled.div>
        <styled.div>
          <styled.div>
            <span>
              はじめて遊ぶ
            </span>
          </styled.div>
          <styled.div>
            <Styled(AlgoHead) />
            <Styled(ReactSVG)
              src="/img/balloon.svg"
            />
            <styled.div>
              名前を教えてほしい！
            </styled.div>
          </styled.div>
          <styled.input
            onChange={[MockFunction]}
            type="text"
          />
          <Button
            color="pink"
            onClick={[MockFunction]}
            status="disabled"
            value="けってい"
          />
        </styled.div>
      </styled.div>
    </StarBackground>
  </React.Fragment>,
]
`;
