// Jest Snapshot v1, https://goo.gl/fbAQLP

exports[`<Stage /> dispatches add stage action 1`] = `
Array [
  <div>
    <h1>
      Stage詳細
    </h1>
    <ul>
      <li>
        <StageDetail
          stage={
            Object {
              "id": 0,
              "name": "テストステージ",
              "rule": "テストテキスト",
              "stage_index": 3,
            }
          }
        />
      </li>
    </ul>
    <ForwardRef(Link)
      to="/stage"
    >
      ステージ一覧に戻る
    </ForwardRef(Link)>
  </div>,
]
`;
