// Jest Snapshot v1, https://goo.gl/fbAQLP

exports[`<Button /> snapshot test 1`] = `
.c4 {
  display: inline-block;
  width: 24px;
  height: 24px;
  fill: #D7DAE4;
}

.c4 > span,
.c4 > div,
.c4 > svg {
  display: block;
  width: 100%;
  height: 100%;
}

.c6 {
  display: inline-block;
  width: 24px;
  height: 24px;
  fill: #30C567;
}

.c6 > span,
.c6 > div,
.c6 > svg {
  display: block;
  width: 100%;
  height: 100%;
}

.c0 {
  box-sizing: border-box;
  overflow: hidden;
  display: -webkit-box;
  display: -webkit-flex;
  display: -ms-flexbox;
  display: flex;
  -webkit-flex-direction: column;
  -ms-flex-direction: column;
  flex-direction: column;
  -webkit-align-items: flex-start;
  -webkit-box-align: flex-start;
  -ms-flex-align: flex-start;
  align-items: flex-start;
  padding: 40px 24px 16px;
  gap: 16px;
  isolation: isolate;
  width: 100%;
  background: #FAFAFA;
  border: 2px solid #6675FC;
  border-radius: 8px;
  -webkit-flex: none;
  -ms-flex: none;
  flex: none;
  -webkit-order: 0;
  -ms-flex-order: 0;
  order: 0;
  -webkit-align-self: stretch;
  -ms-flex-item-align: stretch;
  align-self: stretch;
  -webkit-box-flex: 0;
  -webkit-flex-grow: 0;
  -ms-flex-positive: 0;
  flex-grow: 0;
  position: relative;
}

.c1 {
  position: absolute;
  top: 0;
  left: 0;
}

.c2 {
  position: relative;
  left: 20px;
  top: 1px;
  font-family: "Noto Sans JP";
  font-style: normal;
  font-weight: 700;
  font-size: 15px;
  line-height: 22px;
  font-feature-settings: "palt" on;
  color: #FFFFFF;
  -webkit-transform: matrix(0.99,0,-0.1,1,0,0);
  -ms-transform: matrix(0.99,0,-0.1,1,0,0);
  transform: matrix(0.99,0,-0.1,1,0,0);
  -webkit-flex: none;
  -ms-flex: none;
  flex: none;
  -webkit-order: 3;
  -ms-flex-order: 3;
  order: 3;
  -webkit-box-flex: 0;
  -webkit-flex-grow: 0;
  -ms-flex-positive: 0;
  flex-grow: 0;
  z-index: 3;
}

.c5 {
  display: -webkit-box;
  display: -webkit-flex;
  display: -ms-flexbox;
  display: flex;
}

.c3 {
  font-family: "Noto Sans JP";
  font-style: normal;
  font-weight: 400;
  font-size: 18px;
  line-height: 160%;
  display: -webkit-box;
  display: -webkit-flex;
  display: -ms-flexbox;
  display: flex;
  gap: 16px;
  -webkit-align-items: center;
  -webkit-box-align: center;
  -ms-flex-align: center;
  align-items: center;
  color: #242A3D;
}

@supports not (gap:16px) {
  .c3 > *:not(:first-child) {
    margin-top: 16px;
  }
}

<div
  class="c0"
>
  <div
    class="c1"
  >
    <img
      src="ClearConditionTitleBar.svg"
      style="position:absolute;user-select:none;display:block"
    />
    <div
      class="c2"
    >
      クリア条件
    </div>
  </div>
  <div
    class="c3"
  >
    <span
      class="c4 c5"
      display="inline-block"
      fill="#D7DAE4"
    />
    <div>
      aa
    </div>
  </div>
  <div
    class="c3"
  >
    <span
      class="c6 c5"
      display="inline-block"
      fill="#30C567"
    />
    <div>
      b
    </div>
  </div>
  <img
    src="ClearConditionRB.svg"
    style="position:absolute;right:0;bottom:0;z-index:1;user-select:none;display:block"
  />
</div>
`;
