// Jest Snapshot v1, https://goo.gl/fbAQLP

exports[`<AlgoEditor /> snapshot test 1`] = `
.c0 {
  display: -webkit-box;
  display: -webkit-flex;
  display: -ms-flexbox;
  display: flex;
  -webkit-flex-direction: column;
  -ms-flex-direction: column;
  flex-direction: column;
  -webkit-align-items: center;
  -webkit-box-align: center;
  -ms-flex-align: center;
  align-items: center;
  -webkit-transition: width 0.5s ease,height 0.5s ease;
  transition: width 0.5s ease,height 0.5s ease;
  width: 1200px;
  height: 800px;
}

.c0 .algoeditor_container_body {
  display: -webkit-box;
  display: -webkit-flex;
  display: -ms-flexbox;
  display: flex;
  -webkit-flex-direction: column;
  -ms-flex-direction: column;
  flex-direction: column;
  -webkit-align-items: center;
  -webkit-box-align: center;
  -ms-flex-align: center;
  align-items: center;
  padding: 0px;
  overflow: hidden;
  background: #191A20;
  box-sizing: border-box;
  border: 16px solid #F5F6F8;
  border-radius: 48px;
  -webkit-transition: border-radius 0.5s ease;
  transition: border-radius 0.5s ease;
  pointer-events: all;
  -webkit-align-self: stretch;
  -ms-flex-item-align: stretch;
  align-self: stretch;
  -webkit-box-flex: 1;
  -webkit-flex-grow: 1;
  -ms-flex-positive: 1;
  flex-grow: 1;
  -webkit-flex-shrink: 1;
  -ms-flex-negative: 1;
  flex-shrink: 1;
}

.c0 .algoeditor_container_header {
  display: -webkit-box;
  display: -webkit-flex;
  display: -ms-flexbox;
  display: flex;
  -webkit-flex-direction: column;
  -ms-flex-direction: column;
  flex-direction: column;
  -webkit-box-pack: end;
  -webkit-justify-content: flex-end;
  -ms-flex-pack: end;
  justify-content: flex-end;
  -webkit-align-items: center;
  -webkit-box-align: center;
  -ms-flex-align: center;
  align-items: center;
  padding: 18px 16px 16px;
  background: #242A3D;
  -webkit-align-self: stretch;
  -ms-flex-item-align: stretch;
  align-self: stretch;
  -webkit-box-flex: 0;
  -webkit-flex-grow: 0;
  -ms-flex-positive: 0;
  flex-grow: 0;
  -webkit-flex-shrink: 0;
  -ms-flex-negative: 0;
  flex-shrink: 0;
}

.c0 .algoeditor_container_editor {
  -webkit-align-self: stretch;
  -ms-flex-item-align: stretch;
  align-self: stretch;
  -webkit-box-flex: 1;
  -webkit-flex-grow: 1;
  -ms-flex-positive: 1;
  flex-grow: 1;
  -webkit-flex-shrink: 1;
  -ms-flex-negative: 1;
  flex-shrink: 1;
}

.c0 .algoeditor_container_footer {
  height: 32px;
  background: #242A3D;
  -webkit-align-self: stretch;
  -ms-flex-item-align: stretch;
  align-self: stretch;
  -webkit-box-flex: 0;
  -webkit-flex-grow: 0;
  -ms-flex-positive: 0;
  flex-grow: 0;
}

.c0 .algoeditor_container_editor {
  height: calc(800px - 172px - 32px - 20px - 30px - 34px);
}

.c1 {
  width: 46px;
  height: 20px;
  -webkit-flex-shrink: 0;
  -ms-flex-negative: 0;
  flex-shrink: 0;
  -webkit-box-flex: 0;
  -webkit-flex-grow: 0;
  -ms-flex-positive: 0;
  flex-grow: 0;
}

.c1 .algoheadparts_color_main {
  fill: #34C5D5;
}

.c2 {
  width: 59px;
  height: 30px;
}

.c2 .algoeye_color_main {
  fill: #34C5D5;
}

<div
  class="c0"
  height="800px"
  width="1200px"
>
  <svg
    class="c1"
    xlink="http://www.w3.org/1999/xlink"
    xmlns="http://www.w3.org/2000/svg"
  />
  <div
    class="algoeditor_container_body"
  >
    <div
      class="algoeditor_container_header"
    >
      <svg
        class="c2"
        xlink="http://www.w3.org/1999/xlink"
        xmlns="http://www.w3.org/2000/svg"
      />
    </div>
    <div
      class="algoeditor_container_editor"
    >
      <section
        style="display:flex;position:relative;text-align:initial;width:100%;height:100%"
      >
        <div
          style="display:flex;height:100%;width:100%;justify-content:center;align-items:center"
        >
          Loading...
        </div>
        <div
          style="width:100%;display:none"
        />
      </section>
    </div>
    <div
      class="algoeditor_container_footer"
    />
  </div>
</div>
`;
