// Jest Snapshot v1, https://goo.gl/fbAQLP

exports[`<Tab /> snapshot test 1`] = `
.c0 {
  display: block;
  width: 44px;
  height: 100%;
  min-height: 100px;
  background: #FFFFFF;
  border-radius: 16px 0px 0px 16px;
  position: relative;
  font-family: "851Gkktt";
  font-size: 29px;
  text-align: center;
  padding: 22px 0;
  color: #6675FC;
}

.c0 > span {
  -webkit-writing-mode: vertical-rl;
  -ms-writing-mode: tb-rl;
  writing-mode: vertical-rl;
}

<button
  class="c0"
>
  <span>
    LOG
  </span>
</button>
`;
