// Jest Snapshot v1, https://goo.gl/fbAQLP

exports[`<RootingScreen /> RootingScreen snapshot test 1`] = `
Array [
  <div>
    <p>
       ==============
    </p>
    <h3>
      以下開発用画面
    </h3>
    <a
      href="https://strap.app/app/board/jkJsgBr4NKM8IvxIYo8s"
    >
      画面名称はこちら
    </a>
    <ul>
      <li>
        <Link
          to="/"
        >
          トップページ
        </Link>
      </li>
      <li>
        <Link
          to="/stages"
        >
          ステージ選択画面
        </Link>
      </li>
      <li>
        <Link
          to="/start"
        >
          ログイン画面
        </Link>
      </li>
      <li>
        <Link
          to="/mode-select"
        >
          モード選択画面
        </Link>
      </li>
      <li>
        <Link
          to="/casual-battle"
        >
          カジュアルロビー画面
        </Link>
      </li>
      <li>
        <Link
          to="/casual-battle/invitation"
        >
          カジュアル対戦招待画面
        </Link>
      </li>
      <li>
        <Link
          to="/casual-battle/waiting-room"
        >
          待機招待画面
        </Link>
      </li>
      <li>
        <Link
          to="/casual-battle/search-room"
        >
          ルーム参加画面
        </Link>
      </li>
      <li>
        <Link
          to="/casual-battle/result"
        >
          観戦画面
        </Link>
      </li>
      <li>
        <Link
          to="/free-coding"
        >
          フリーコーディング
        </Link>
      </li>
      <li>
        <Link
          to="/codes"
        >
          ガレージ画面（コード一覧)
        </Link>
      </li>
    </ul>
    <h1>
      イベント系のページ
    </h1>
    <ul>
      <li>
        <Link
          to="/event"
        >
          トップページ
        </Link>
      </li>
      <li>
        <Link
          to="/event/select-mode"
        >
          モード選択
        </Link>
      </li>
      <li>
        <Link
          to="/event/set-name"
        >
          名前設定
        </Link>
      </li>
      <li>
        <Link
          to="/event/select-ai"
        >
          対戦相手の選択
        </Link>
      </li>
    </ul>
    <h1>
      ログインユーザ
    </h1>
    <p>
      さん
    </p>
  </div>,
]
`;
