// Jest Snapshot v1, https://goo.gl/fbAQLP

exports[`<RoomMatchWaitingRoom /> snapshot test 1`] = `
Array [
  <styled.div>
    <StarBackground />
    <Header
      backButtonHandler={[MockFunction]}
      backMessage="ロビーへ戻る"
    />
    <styled.div>
      <styled.div>
        <Styled(Sword) />
        <styled.h2>
          フレンド対戦モード
        </styled.h2>
      </styled.div>
      <styled.div>
        <PlayerPlateMe
          badge="称号無し"
          color="turquoise"
          onClickSelectCode={[Function]}
          onClickSelectOtherCode={[Function]}
          selectedCodeName="print('hello world)'"
          status="ready"
          userName="user 2"
          userPhoto="picture"
        />
        <styled.div>
          <styled.div>
            <styled.div>
              ルームID
              <styled.div>
                room id
              </styled.div>
            </styled.div>
            <Button
              Icon={[Function]}
              color="black"
              icon="left"
              onClick={[MockFunction]}
              size="S"
              status="default"
              value="招待リンクをコピー"
            />
          </styled.div>
          <styled.div>
            <div>
              <PlayerPlateOther
                badge="称号無し"
                color="magenta"
                onClickChangeCPU={[Function]}
                status="default"
                userName="host user"
                userType="user"
              />
            </div>
            <div>
              <PlayerPlateOther
                badge="称号無し"
                color="leaf"
                onClickChangeCPU={[Function]}
                status="ready"
                userName="user 1"
                userType="user"
              />
            </div>
            <PlayerPlateOther
              badge=""
              color="turquoise"
              status="waiting"
              userName=""
              userPhoto=""
              userType="user"
            />
          </styled.div>
        </styled.div>
      </styled.div>
      <styled.div>
        <Button
          color="black"
          icon={null}
          onClick={[MockFunction]}
          size="M"
          status="default"
          value="退出する"
        />
        <Button
          color="pink"
          icon={null}
          onClick={[MockFunction]}
          size="M"
          status="default"
          value="ゲームスタート"
        />
      </styled.div>
    </styled.div>
  </styled.div>,
]
`;
