// Jest Snapshot v1, https://goo.gl/fbAQLP

exports[`<Top /> auth snapshot test 1`] = `
Array [
  <React.Fragment>
    <styled.div>
      <styled.div>
        <styled.img
          src="./logo.svg"
        />
        <styled.div>
          <Button
            color="pink"
            icon={null}
            onClick={[Function]}
            size="L"
            status="default"
            value="初めて遊ぶ！"
          />
          <Button
            color="blue"
            icon={null}
            onClick={[Function]}
            size="M"
            status="default"
            value="ログインして遊ぶ！"
          />
          <Button
            color="black"
            icon={null}
            onClick={[Function]}
            size="S"
            status="default"
            value="新しくアカウントを作る"
          />
        </styled.div>
      </styled.div>
    </styled.div>
    <Styled(StarBackground) />
  </React.Fragment>,
]
`;
