// Jest Snapshot v1, https://goo.gl/fbAQLP

exports[`<Top /> auth snapshot test 1`] = `
Array [
  <div>
    <h1>
      開発用のTopページ
    </h1>
    <p>
      ここに各ページのリンクを作ると便利
    </p>
    <ul>
      <li>
         
        <Link
          to="/auth"
        >
          認証
        </Link>
         
      </li>
      <li>
         
        <Link
          to="/stages"
        >
          ステージ
        </Link>
         
      </li>
      <li>
        <Link
          to="/start"
        >
          スタート画面
        </Link>
      </li>
      <li>
        <Link
          to="/login"
        >
          ログイン画面
        </Link>
      </li>
    </ul>
  </div>,
]
`;
