// Jest Snapshot v1, https://goo.gl/fbAQLP

exports[`<StartEmailFirstTime /> auth snapshot test 1`] = `
Array [
  <StarBackground>
    <styled.div>
      <BackLink
        backMessage="トップに戻る"
        iconColor="black"
        onClick={[MockFunction]}
      />
    </styled.div>
    <styled.div>
      <styled.div>
        <styled.div>
          <span>
            ログインして遊ぶ
          </span>
        </styled.div>
        <styled.div>
          <Styled(AlgoHead) />
          <Styled(ReactSVG)
            src="/img/balloon.svg"
          />
          <styled.div>
            ログインしてください
          </styled.div>
        </styled.div>
        <styled.input
          onChange={[MockFunction]}
          placeholder="メールアドレス"
          type="email"
        />
        <styled.input
          onChange={[MockFunction]}
          placeholder="パスワード"
          type="password"
        />
        <Button
          color="pink"
          onClick={[MockFunction]}
          status="default"
          value="けってい"
        />
        <styled.div />
      </styled.div>
    </styled.div>
  </StarBackground>,
]
`;
