// Jest Snapshot v1, https://goo.gl/fbAQLP

exports[`<StartEmailFirstTime /> auth snapshot test 1`] = `
Array [
  <StarBackground>
    <styled.div>
      <BackLink
        backMessage="トップに戻る"
        iconColor="black"
        onClick={[MockFunction]}
      />
    </styled.div>
    <styled.div>
      <TranslucentCard
        algoMessage="ログインしてください"
        modalTitle="アカウントを作る"
      >
        <styled.input
          autoFocus={true}
          onChange={[MockFunction]}
          onKeyDown={[MockFunction]}
          placeholder="メールアドレス"
          type="email"
        />
        <styled.input
          onChange={[MockFunction]}
          onKeyDown={[MockFunction]}
          placeholder="パスワード"
          type="password"
        />
        <Button
          color="pink"
          onClick={[MockFunction]}
          size="M"
          status="default"
          value="アカウントを作る"
        />
      </TranslucentCard>
    </styled.div>
  </StarBackground>,
]
`;
