// Jest Snapshot v1, https://goo.gl/fbAQLP

exports[`<CasualBattleInvitation /> snapshot test 1`] = `
Array [
  <div>
    <Head
      ogDescription="hostNameからカジュアル対戦に招待されています！"
      ogImage="https://codeparty.netlify.app/img/modeselectcard_battle.png"
      ogImageHeight="412"
      ogImageWidth="616"
      ogType="article"
      title="ALGOSMO"
    />
    <h1>
      次のルームに招待されています。
    </h1>
    <p>
      RoomID:
      sampleID
    </p>
    <button
      disabled={true}
      id="enter-btn"
      onClick={[MockFunction]}
    >
      入場する
    </button>
  </div>,
]
`;
