// Jest Snapshot v1, https://goo.gl/fbAQLP

exports[`<RoomMatchLobby /> snapshot test 1`] = `
Array [
  <StarBackground>
    <Header
      backButtonHandler={[Function]}
      backMessage="ゲーム選択へ戻る"
    />
    <styled.div>
      <Styled(Sword) />
      <styled.h2>
        フレンド対戦モード
      </styled.h2>
    </styled.div>
    <styled.div>
      <styled.div>
        <styled.img
          src="/img/algo_star.svg"
        />
        <styled.div>
          <styled.div>
            <styled.h2>
              新しくルームを作成する
            </styled.h2>
            <Button
              color="blue"
              onClick={[Function]}
              size="M"
              status="default"
              value="作成"
            />
          </styled.div>
        </styled.div>
      </styled.div>
      <styled.div>
        <styled.img
          src="/img/algo_gather.svg"
        />
        <styled.div>
          <styled.h2>
            ルームに参加する
          </styled.h2>
          <styled.p>
            フレンドから教えてもらったルームIDを入力して参加
          </styled.p>
          <styled.div>
            <styled.input
              placeholder="ルームIDを入力"
              type="text"
            />
            <Button
              color="blue"
              onClick={[Function]}
              size="M"
              status="default"
              value="入室"
            />
          </styled.div>
          <styled.span>
            aaa
          </styled.span>
        </styled.div>
      </styled.div>
    </styled.div>
  </StarBackground>,
]
`;
