// Jest Snapshot v1, https://goo.gl/fbAQLP

exports[`<ModeSelect /> auth snapshot test 1`] = `
Array [
  <div>
    <div>
      遊ぶモードを決める
    </div>
    <Link
      to="/robot-development/top"
    >
      ロボット開発モード
    </Link>
    <Link
      to="/casual-battle"
    >
      カジュアル対戦モード
    </Link>
  </div>,
]
`;
